ΓÇó Packages in scope: @allied-impact/auth, @allied-impact/billing, @allied-impact/careerbox, @allied-impact/coinbox, @allied-impact/config, @allied-impact/controlhub, @allied-impact/drivemaster, @allied-impact/edutech, @allied-impact/entitlements, @allied-impact/myprojects, @allied-impact/notifications, @allied-impact/portal, @allied-impact/projects, @allied-impact/shared, @allied-impact/sportshup, @allied-impact/types, @allied-impact/ui, @allied-impact/utils, @alliedimpact/security
ΓÇó Running build in 19 packages
ΓÇó Remote caching disabled
@alliedimpact/security:build: cache miss, executing cdfff90382b0835a
@allied-impact/types:build: cache hit, replaying logs a2468221aecaeed0
@allied-impact/types:build: 
@allied-impact/types:build: > @allied-impact/types@0.1.0 build C:\Users\iMpact SA\Desktop\projects\alliedimpact\packages\types
@allied-impact/types:build: > tsc
@allied-impact/types:build: 
@allied-impact/config:build: cache hit, replaying logs 5b15dfb9003dd817
@allied-impact/config:build: 
@allied-impact/config:build: > @allied-impact/config@0.1.0 build C:\Users\iMpact SA\Desktop\projects\alliedimpact\packages\config
@allied-impact/config:build: > tsc
@allied-impact/config:build: 
@allied-impact/auth:build: cache hit, replaying logs 9ee8b07e5aff3b0d
@allied-impact/auth:build: 
@allied-impact/auth:build: > @allied-impact/auth@0.1.0 build C:\Users\iMpact SA\Desktop\projects\alliedimpact\platform\auth
@allied-impact/auth:build: > tsc
@allied-impact/auth:build: 
@allied-impact/utils:build: cache hit, replaying logs 7e5f12cf3dc9e36a
@allied-impact/utils:build: 
@allied-impact/utils:build: > @allied-impact/utils@0.1.0 build C:\Users\iMpact SA\Desktop\projects\alliedimpact\packages\utils
@allied-impact/utils:build: > tsc
@allied-impact/utils:build: 
@allied-impact/ui:build: cache hit, replaying logs 9d0c3c48e0cdf897
@allied-impact/ui:build: 
@allied-impact/ui:build: > @allied-impact/ui@0.1.0 build C:\Users\iMpact SA\Desktop\projects\alliedimpact\packages\ui
@allied-impact/ui:build: > tsc
@allied-impact/ui:build: 
@allied-impact/controlhub:build: cache miss, executing 522cd354e376abc8
@allied-impact/shared:build: cache hit, replaying logs 2c1ecc556255708d
@allied-impact/shared:build: 
@allied-impact/shared:build: > @allied-impact/shared@0.1.0 build C:\Users\iMpact SA\Desktop\projects\alliedimpact\platform\shared
@allied-impact/shared:build: > tsc
@allied-impact/shared:build: 
@allied-impact/billing:build: cache hit, replaying logs 4e82f1324815de6c
@allied-impact/billing:build: 
@allied-impact/billing:build: > @allied-impact/billing@0.1.0 build C:\Users\iMpact SA\Desktop\projects\alliedimpact\platform\billing
@allied-impact/billing:build: > tsc
@allied-impact/billing:build: 
@allied-impact/notifications:build: cache miss, executing 1666935a882956e6
@allied-impact/projects:build: cache hit, replaying logs bcad0f5ef309c507
@allied-impact/entitlements:build: cache hit, replaying logs 904da7e9815fe5f9
@allied-impact/projects:build: 
@allied-impact/projects:build: > @allied-impact/projects@0.1.0 build C:\Users\iMpact SA\Desktop\projects\alliedimpact\platform\projects
@allied-impact/projects:build: > tsc
@allied-impact/projects:build: 
@allied-impact/entitlements:build: 
@allied-impact/entitlements:build: > @allied-impact/entitlements@0.1.0 build C:\Users\iMpact SA\Desktop\projects\alliedimpact\platform\entitlements
@allied-impact/entitlements:build: > tsc
@allied-impact/entitlements:build: 
@allied-impact/sportshup:build: cache miss, executing 867da4992c839a63
@alliedimpact/security:build: 
@alliedimpact/security:build: > @alliedimpact/security@1.0.0 build C:\Users\iMpact SA\Desktop\projects\alliedimpact\packages\security
@alliedimpact/security:build: > tsup src/index.ts src/middleware.ts src/validation.ts --format cjs,esm --dts
@alliedimpact/security:build: 
@allied-impact/careerbox:build: cache miss, executing cced9c281b86f485
@allied-impact/coinbox:build: cache miss, executing 47f879e9d0d18d22
@allied-impact/portal:build: cache miss, executing 765de626aeef384b
@allied-impact/edutech:build: cache miss, executing 77bf7adef8349ac3
@allied-impact/drivemaster:build: cache miss, executing 504530b84568c6b2
@allied-impact/myprojects:build: cache miss, executing ac46e99c36105540
@allied-impact/myprojects:build: 
@allied-impact/myprojects:build: > @allied-impact/myprojects@1.0.0 build C:\Users\iMpact SA\Desktop\projects\alliedimpact\apps\myprojects
@allied-impact/myprojects:build: > next build
@allied-impact/myprojects:build: 
@allied-impact/careerbox:build: 
@allied-impact/careerbox:build: > @allied-impact/careerbox@1.0.0 build C:\Users\iMpact SA\Desktop\projects\alliedimpact\apps\careerbox
@allied-impact/careerbox:build: > next build
@allied-impact/careerbox:build: 
@allied-impact/coinbox:build: 
@allied-impact/coinbox:build: > @allied-impact/coinbox@2.1.0 build C:\Users\iMpact SA\Desktop\projects\alliedimpact\apps\coinbox
@allied-impact/coinbox:build: > next build
@allied-impact/coinbox:build: 
@allied-impact/controlhub:build: 
@allied-impact/controlhub:build: > @allied-impact/controlhub@0.1.0 build C:\Users\iMpact SA\Desktop\projects\alliedimpact\apps\controlhub
@allied-impact/controlhub:build: > next build
@allied-impact/controlhub:build: 
@allied-impact/sportshup:build: 
@allied-impact/sportshup:build: > @allied-impact/sportshup@1.0.0-alpha build C:\Users\iMpact SA\Desktop\projects\alliedimpact\apps\sportshup
@allied-impact/sportshup:build: > next build
@allied-impact/sportshup:build: 
@allied-impact/portal:build: 
@allied-impact/portal:build: > @allied-impact/portal@0.1.0 build C:\Users\iMpact SA\Desktop\projects\alliedimpact\web\portal
@allied-impact/portal:build: > next build
@allied-impact/portal:build: 
@allied-impact/drivemaster:build: 
@allied-impact/drivemaster:build: > @allied-impact/drivemaster@0.1.0 build C:\Users\iMpact SA\Desktop\projects\alliedimpact\apps\drivemaster
@allied-impact/drivemaster:build: > next build
@allied-impact/drivemaster:build: 
@allied-impact/notifications:build: 
@allied-impact/notifications:build: > @allied-impact/notifications@0.1.0 build C:\Users\iMpact SA\Desktop\projects\alliedimpact\platform\notifications
@allied-impact/notifications:build: > tsc
@allied-impact/notifications:build: 
@allied-impact/edutech:build: 
@allied-impact/edutech:build: > @allied-impact/edutech@0.1.0 build C:\Users\iMpact SA\Desktop\projects\alliedimpact\apps\edutech
@allied-impact/edutech:build: > next build
@allied-impact/edutech:build: 
@alliedimpact/security:build: [34mCLI[39m Building entry: src/index.ts, src/middleware.ts, src/validation.ts
@alliedimpact/security:build: [34mCLI[39m Using tsconfig: tsconfig.json
@alliedimpact/security:build: [34mCLI[39m tsup v8.5.1
@alliedimpact/security:build: [34mCLI[39m Target: es2020
@alliedimpact/security:build: [34mCJS[39m Build start
@alliedimpact/security:build: [34mESM[39m Build start
@allied-impact/notifications:build: src/index.ts(8,30): error TS2307: Cannot find module '@allied-impact/shared' or its corresponding type declarations.
@allied-impact/notifications:build: ΓÇëELIFECYCLEΓÇë Command failed with exit code 2.
node.exe : @allied-impact/notifications:build: ERROR: command finished with 
error: command (C:\Users\iMpact 
SA\Desktop\projects\alliedimpact\platform\notifications) C:\Users\iMpact 
SA\AppData\Local\pnpm\.tools\pnpm\10.32.1\bin\pnpm.CMD run build exited (2)
At C:\Users\iMpact SA\AppData\Roaming\npm\pnpm.ps1:24 char:5
+     & "node$exe"  "$basedir/node_modules/pnpm/bin/pnpm.cjs" $args
+     ~~~~~~~~~~~~~~~~~~~~~~~~~~~~~~~~~~~~~~~~~~~~~~~~~~~~~~~~~~~~~
    + CategoryInfo          : NotSpecified: (@allied-impact/...uild exited (2) 
   :String) [], RemoteException
    + FullyQualifiedErrorId : NativeCommandError
 
@allied-impact/notifications#build: command (C:\Users\iMpact 
SA\Desktop\projects\alliedimpact\platform\notifications) C:\Users\iMpact 
SA\AppData\Local\pnpm\.tools\pnpm\10.32.1\bin\pnpm.CMD run build exited (2)

 Tasks:    9 successful, 19 total
Cached:    9 cached, 19 total
  Time:    9m56.389s 
Failed:    @allied-impact/notifications#build

 ERROR  run failed: command  exited (2)
